// Vitest Snapshot v1, https://vitest.dev/guide/snapshot.html

exports[` UsernameDisplay > should rendre username  1`] = `
<div>
  <div>
    <span>
      ahmeddev
       
    </span>
  </div>
</div>
`;
